---
source: tui/src/bottom_pane/chat_composer.rs
expression: terminal.backend()
---
"                                                            "
"› /mo                                                       "
"                                                            "
"  /mode   configure agent mode (Classic/Alloy)              "
"  /model  choose what model and reasoning effort to use     "
